/home/leandro/DADOS/Projetos/STM32CubeIDE/workspace_1.13.1/chip_headers/CMSIS/Include/core_cm4.h:1684:22:__NVIC_EnableIRQ	16	static,ignoring_inline_asm
../Src/uart.c:36:5:__io_putchar	16	static
../Src/uart.c:41:6:dma1_stream6_init	24	static
../Src/uart.c:92:6:uart2_rxtx_init	8	static
../Src/uart.c:133:6:uart2_rxtx_interrupt_init	8	static
../Src/uart.c:181:6:uart2_read	4	static
../Src/uart.c:190:6:uart2_write	16	static
../Src/uart.c:202:13:uart_set_baudrate	24	static
../Src/uart.c:207:17:compute_uart_bd	16	static
